  Determining projects to restore...
C:\rku-projects\sportx\sportx_api\sportx_api.csproj : warning NU1701: Package 'PayPal 1.9.1' was restored using '.NETFramework,Version=v4.6.1, .NETFramework,Version=v4.6.2, .NETFramework,Version=v4.7, .NETFramework,Version=v4.7.1, .NETFramework,Version=v4.7.2, .NETFramework,Version=v4.8, .NETFramework,Version=v4.8.1' instead of the project target framework 'net8.0'. This package may not be fully compatible with your project. [C:\rku-projects\sportx\sportx_api\sportx_api.sln]
  All projects are up-to-date for restore.
C:\rku-projects\sportx\sportx_api\sportx_api.csproj : warning NU1701: Package 'PayPal 1.9.1' was restored using '.NETFramework,Version=v4.6.1, .NETFramework,Version=v4.6.2, .NETFramework,Version=v4.7, .NETFramework,Version=v4.7.1, .NETFramework,Version=v4.7.2, .NETFramework,Version=v4.8, .NETFramework,Version=v4.8.1' instead of the project target framework 'net8.0'. This package may not be fully compatible with your project.
C:\rku-projects\sportx\sportx_api\DTOs\UserDTOs\BrandCountDto.cs(5,23): warning CS8618: Non-nullable property 'BrandName' must contain a non-null value when exiting constructor. Consider adding the 'required' modifier or declaring the property as nullable. [C:\rku-projects\sportx\sportx_api\sportx_api.csproj]
C:\rku-projects\sportx\sportx_api\DTOs\UserDTOs\TokenGeneratorDTO.cs(28,51): warning CS8604: Possible null reference argument for parameter 's' in 'byte[] Encoding.GetBytes(string s)'. [C:\rku-projects\sportx\sportx_api\sportx_api.csproj]
C:\rku-projects\sportx\sportx_api\DTOs\UserDTOs\SetNewPasswordDto.cs(7,23): warning CS8618: Non-nullable property 'NewPassword' must contain a non-null value when exiting constructor. Consider adding the 'required' modifier or declaring the property as nullable. [C:\rku-projects\sportx\sportx_api\sportx_api.csproj]
C:\rku-projects\sportx\sportx_api\Controllers\AdminControllers\AdminControllers.cs(81,25): warning CS8602: Dereference of a possibly null reference. [C:\rku-projects\sportx\sportx_api\sportx_api.csproj]
C:\rku-projects\sportx\sportx_api\DTOs\UserDTOs\PayPalPaymentService.cs(15,25): warning CS8601: Possible null reference assignment. [C:\rku-projects\sportx\sportx_api\sportx_api.csproj]
C:\rku-projects\sportx\sportx_api\DTOs\UserDTOs\PayPalPaymentService.cs(16,29): warning CS8601: Possible null reference assignment. [C:\rku-projects\sportx\sportx_api\sportx_api.csproj]
C:\rku-projects\sportx\sportx_api\DTOs\UserDTOs\PayPalPaymentService.cs(13,16): warning CS8618: Non-nullable field '_clientId' must contain a non-null value when exiting constructor. Consider adding the 'required' modifier or declaring the field as nullable. [C:\rku-projects\sportx\sportx_api\sportx_api.csproj]
C:\rku-projects\sportx\sportx_api\DTOs\UserDTOs\PayPalPaymentService.cs(13,16): warning CS8618: Non-nullable field '_clientSecret' must contain a non-null value when exiting constructor. Consider adding the 'required' modifier or declaring the field as nullable. [C:\rku-projects\sportx\sportx_api\sportx_api.csproj]
C:\rku-projects\sportx\sportx_api\Controllers\UserControllers\UsersController.cs(95,85): warning CS8604: Possible null reference argument for parameter 'storedHash' in 'bool PasswordHashDTO.VerifyPasswordHash(string password, byte[] storedHash, byte[] storedSalt)'. [C:\rku-projects\sportx\sportx_api\sportx_api.csproj]
C:\rku-projects\sportx\sportx_api\Controllers\UserControllers\UsersController.cs(95,104): warning CS8604: Possible null reference argument for parameter 'storedSalt' in 'bool PasswordHashDTO.VerifyPasswordHash(string password, byte[] storedHash, byte[] storedSalt)'. [C:\rku-projects\sportx\sportx_api\sportx_api.csproj]
C:\rku-projects\sportx\sportx_api\Controllers\AdminControllers\AdminControllers.cs(113,24): warning CS8602: Dereference of a possibly null reference. [C:\rku-projects\sportx\sportx_api\sportx_api.csproj]
C:\rku-projects\sportx\sportx_api\Controllers\AdminControllers\AdminControllers.cs(138,61): warning CS8602: Dereference of a possibly null reference. [C:\rku-projects\sportx\sportx_api\sportx_api.csproj]
C:\rku-projects\sportx\sportx_api\Controllers\AdminControllers\VoucherController.cs(59,28): warning CS8601: Possible null reference assignment. [C:\rku-projects\sportx\sportx_api\sportx_api.csproj]
C:\rku-projects\sportx\sportx_api\DTOs\UserDTOs\CommentDTO.cs(6,23): warning CS8618: Non-nullable property 'Comment1' must contain a non-null value when exiting constructor. Consider adding the 'required' modifier or declaring the property as nullable. [C:\rku-projects\sportx\sportx_api\sportx_api.csproj]
C:\rku-projects\sportx\sportx_api\DTOs\UserDTOs\CommentDTO.cs(9,23): warning CS8618: Non-nullable property 'UserName' must contain a non-null value when exiting constructor. Consider adding the 'required' modifier or declaring the property as nullable. [C:\rku-projects\sportx\sportx_api\sportx_api.csproj]
C:\rku-projects\sportx\sportx_api\DTOs\UserDTOs\OrderDto.cs(7,23): warning CS8618: Non-nullable property 'TransactionId' must contain a non-null value when exiting constructor. Consider adding the 'required' modifier or declaring the property as nullable. [C:\rku-projects\sportx\sportx_api\sportx_api.csproj]
C:\rku-projects\sportx\sportx_api\DTOs\UserDTOs\OrderDto.cs(10,35): warning CS8618: Non-nullable property 'OrderItems' must contain a non-null value when exiting constructor. Consider adding the 'required' modifier or declaring the property as nullable. [C:\rku-projects\sportx\sportx_api\sportx_api.csproj]
C:\rku-projects\sportx\sportx_api\Controllers\AdminControllers\AdminControllers.cs(188,13): warning CS8602: Dereference of a possibly null reference. [C:\rku-projects\sportx\sportx_api\sportx_api.csproj]
C:\rku-projects\sportx\sportx_api\Controllers\AdminControllers\AdminControllers.cs(191,33): warning CS8602: Dereference of a possibly null reference. [C:\rku-projects\sportx\sportx_api\sportx_api.csproj]
C:\rku-projects\sportx\sportx_api\DTOs\UserDTOs\CreateCategoryDTO.cs(9,23): warning CS8618: Non-nullable property 'Name' must contain a non-null value when exiting constructor. Consider adding the 'required' modifier or declaring the property as nullable. [C:\rku-projects\sportx\sportx_api\sportx_api.csproj]
C:\rku-projects\sportx\sportx_api\DTOs\UserDTOs\CreateCategoryDTO.cs(14,26): warning CS8618: Non-nullable property 'Image' must contain a non-null value when exiting constructor. Consider adding the 'required' modifier or declaring the property as nullable. [C:\rku-projects\sportx\sportx_api\sportx_api.csproj]
C:\rku-projects\sportx\sportx_api\DTOs\UserDTOs\CreateProductDTO.cs(9,23): warning CS8618: Non-nullable property 'Name' must contain a non-null value when exiting constructor. Consider adding the 'required' modifier or declaring the property as nullable. [C:\rku-projects\sportx\sportx_api\sportx_api.csproj]
C:\rku-projects\sportx\sportx_api\DTOs\UserDTOs\CreateProductDTO.cs(24,26): warning CS8618: Non-nullable property 'Image' must contain a non-null value when exiting constructor. Consider adding the 'required' modifier or declaring the property as nullable. [C:\rku-projects\sportx\sportx_api\sportx_api.csproj]
C:\rku-projects\sportx\sportx_api\Program.cs(19,17): error CS1061: 'ILoggingBuilder' does not contain a definition for 'AddFile' and no accessible extension method 'AddFile' accepting a first argument of type 'ILoggingBuilder' could be found (are you missing a using directive or an assembly reference?) [C:\rku-projects\sportx\sportx_api\sportx_api.csproj]
C:\rku-projects\sportx\sportx_api\Controllers\AdminControllers\AdminControllers.cs(220,13): warning CS8602: Dereference of a possibly null reference. [C:\rku-projects\sportx\sportx_api\sportx_api.csproj]
C:\rku-projects\sportx\sportx_api\Controllers\AdminControllers\AdminControllers.cs(222,34): warning CS8602: Dereference of a possibly null reference. [C:\rku-projects\sportx\sportx_api\sportx_api.csproj]
C:\rku-projects\sportx\sportx_api\Controllers\UserControllers\UsersController.cs(262,13): warning CS8602: Dereference of a possibly null reference. [C:\rku-projects\sportx\sportx_api\sportx_api.csproj]
C:\rku-projects\sportx\sportx_api\Controllers\AdminControllers\AdminControllers.cs(240,61): warning CS8602: Dereference of a possibly null reference. [C:\rku-projects\sportx\sportx_api\sportx_api.csproj]
C:\rku-projects\sportx\sportx_api\Controllers\AdminControllers\AdminControllers.cs(246,13): warning CS8602: Dereference of a possibly null reference. [C:\rku-projects\sportx\sportx_api\sportx_api.csproj]
C:\rku-projects\sportx\sportx_api\Controllers\AdminControllers\AdminControllers.cs(273,61): warning CS8602: Dereference of a possibly null reference. [C:\rku-projects\sportx\sportx_api\sportx_api.csproj]
C:\rku-projects\sportx\sportx_api\Controllers\AdminControllers\AdminControllers.cs(279,13): warning CS8602: Dereference of a possibly null reference. [C:\rku-projects\sportx\sportx_api\sportx_api.csproj]
C:\rku-projects\sportx\sportx_api\Controllers\UserControllers\CommentsController.cs(34,28): warning CS8601: Possible null reference assignment. [C:\rku-projects\sportx\sportx_api\sportx_api.csproj]
C:\rku-projects\sportx\sportx_api\Controllers\UserControllers\CartController.cs(66,65): warning CS8602: Dereference of a possibly null reference. [C:\rku-projects\sportx\sportx_api\sportx_api.csproj]
C:\rku-projects\sportx\sportx_api\Controllers\UserControllers\CartController.cs(73,34): warning CS8602: Dereference of a possibly null reference. [C:\rku-projects\sportx\sportx_api\sportx_api.csproj]
C:\rku-projects\sportx\sportx_api\Controllers\UserControllers\CartController.cs(91,39): warning CS8604: Possible null reference argument for parameter 'entities' in 'void DbSet<CartItem>.RemoveRange(params CartItem[] entities)'. [C:\rku-projects\sportx\sportx_api\sportx_api.csproj]
C:\rku-projects\sportx\sportx_api\Controllers\UserControllers\CartController.cs(105,17): warning CS8634: The type 'sportx_api.Models.CartItem?' cannot be used as type parameter 'TEntity' in the generic type or method 'DbContext.Remove<TEntity>(TEntity)'. Nullability of type argument 'sportx_api.Models.CartItem?' doesn't match 'class' constraint. [C:\rku-projects\sportx\sportx_api\sportx_api.csproj]
C:\rku-projects\sportx\sportx_api\Controllers\UserControllers\CartController.cs(110,13): warning CS8602: Dereference of a possibly null reference. [C:\rku-projects\sportx\sportx_api\sportx_api.csproj]
C:\rku-projects\sportx\sportx_api\Controllers\AdminControllers\AdminControllers.cs(306,61): warning CS8602: Dereference of a possibly null reference. [C:\rku-projects\sportx\sportx_api\sportx_api.csproj]
C:\rku-projects\sportx\sportx_api\Controllers\AdminControllers\VoucherController.cs(192,30): warning CS0168: The variable 'ex' is declared but never used [C:\rku-projects\sportx\sportx_api\sportx_api.csproj]
C:\rku-projects\sportx\sportx_api\Controllers\UserControllers\PaymentController.cs(33,109): warning CS8604: Possible null reference argument for parameter 'returnUrl' in 'Payment PayPalPaymentService.CreatePayment(decimal amount, string currency, string returnUrl, string cancelUrl)'. [C:\rku-projects\sportx\sportx_api\sportx_api.csproj]
C:\rku-projects\sportx\sportx_api\Controllers\UserControllers\PaymentController.cs(33,120): warning CS8604: Possible null reference argument for parameter 'cancelUrl' in 'Payment PayPalPaymentService.CreatePayment(decimal amount, string currency, string returnUrl, string cancelUrl)'. [C:\rku-projects\sportx\sportx_api\sportx_api.csproj]
C:\rku-projects\sportx\sportx_api\Controllers\AdminControllers\VoucherController.cs(250,24): warning CS8601: Possible null reference assignment. [C:\rku-projects\sportx\sportx_api\sportx_api.csproj]
C:\rku-projects\sportx\sportx_api\Controllers\UserControllers\OrderController.cs(83,81): warning CS8602: Dereference of a possibly null reference. [C:\rku-projects\sportx\sportx_api\sportx_api.csproj]
C:\rku-projects\sportx\sportx_api\Controllers\UserControllers\OrderController.cs(126,33): warning CS8601: Possible null reference assignment. [C:\rku-projects\sportx\sportx_api\sportx_api.csproj]
C:\rku-projects\sportx\sportx_api\Controllers\UserControllers\ProductsController.cs(77,33): warning CS8601: Possible null reference assignment. [C:\rku-projects\sportx\sportx_api\sportx_api.csproj]
C:\rku-projects\sportx\sportx_api\Controllers\AdminControllers\AdminControllers.cs(501,25): warning CS8602: Dereference of a possibly null reference. [C:\rku-projects\sportx\sportx_api\sportx_api.csproj]

Build FAILED.

C:\rku-projects\sportx\sportx_api\sportx_api.csproj : warning NU1701: Package 'PayPal 1.9.1' was restored using '.NETFramework,Version=v4.6.1, .NETFramework,Version=v4.6.2, .NETFramework,Version=v4.7, .NETFramework,Version=v4.7.1, .NETFramework,Version=v4.7.2, .NETFramework,Version=v4.8, .NETFramework,Version=v4.8.1' instead of the project target framework 'net8.0'. This package may not be fully compatible with your project. [C:\rku-projects\sportx\sportx_api\sportx_api.sln]
C:\rku-projects\sportx\sportx_api\sportx_api.csproj : warning NU1701: Package 'PayPal 1.9.1' was restored using '.NETFramework,Version=v4.6.1, .NETFramework,Version=v4.6.2, .NETFramework,Version=v4.7, .NETFramework,Version=v4.7.1, .NETFramework,Version=v4.7.2, .NETFramework,Version=v4.8, .NETFramework,Version=v4.8.1' instead of the project target framework 'net8.0'. This package may not be fully compatible with your project.
C:\rku-projects\sportx\sportx_api\DTOs\UserDTOs\BrandCountDto.cs(5,23): warning CS8618: Non-nullable property 'BrandName' must contain a non-null value when exiting constructor. Consider adding the 'required' modifier or declaring the property as nullable. [C:\rku-projects\sportx\sportx_api\sportx_api.csproj]
C:\rku-projects\sportx\sportx_api\DTOs\UserDTOs\TokenGeneratorDTO.cs(28,51): warning CS8604: Possible null reference argument for parameter 's' in 'byte[] Encoding.GetBytes(string s)'. [C:\rku-projects\sportx\sportx_api\sportx_api.csproj]
C:\rku-projects\sportx\sportx_api\DTOs\UserDTOs\SetNewPasswordDto.cs(7,23): warning CS8618: Non-nullable property 'NewPassword' must contain a non-null value when exiting constructor. Consider adding the 'required' modifier or declaring the property as nullable. [C:\rku-projects\sportx\sportx_api\sportx_api.csproj]
C:\rku-projects\sportx\sportx_api\Controllers\AdminControllers\AdminControllers.cs(81,25): warning CS8602: Dereference of a possibly null reference. [C:\rku-projects\sportx\sportx_api\sportx_api.csproj]
C:\rku-projects\sportx\sportx_api\DTOs\UserDTOs\PayPalPaymentService.cs(15,25): warning CS8601: Possible null reference assignment. [C:\rku-projects\sportx\sportx_api\sportx_api.csproj]
C:\rku-projects\sportx\sportx_api\DTOs\UserDTOs\PayPalPaymentService.cs(16,29): warning CS8601: Possible null reference assignment. [C:\rku-projects\sportx\sportx_api\sportx_api.csproj]
C:\rku-projects\sportx\sportx_api\DTOs\UserDTOs\PayPalPaymentService.cs(13,16): warning CS8618: Non-nullable field '_clientId' must contain a non-null value when exiting constructor. Consider adding the 'required' modifier or declaring the field as nullable. [C:\rku-projects\sportx\sportx_api\sportx_api.csproj]
C:\rku-projects\sportx\sportx_api\DTOs\UserDTOs\PayPalPaymentService.cs(13,16): warning CS8618: Non-nullable field '_clientSecret' must contain a non-null value when exiting constructor. Consider adding the 'required' modifier or declaring the field as nullable. [C:\rku-projects\sportx\sportx_api\sportx_api.csproj]
C:\rku-projects\sportx\sportx_api\Controllers\UserControllers\UsersController.cs(95,85): warning CS8604: Possible null reference argument for parameter 'storedHash' in 'bool PasswordHashDTO.VerifyPasswordHash(string password, byte[] storedHash, byte[] storedSalt)'. [C:\rku-projects\sportx\sportx_api\sportx_api.csproj]
C:\rku-projects\sportx\sportx_api\Controllers\UserControllers\UsersController.cs(95,104): warning CS8604: Possible null reference argument for parameter 'storedSalt' in 'bool PasswordHashDTO.VerifyPasswordHash(string password, byte[] storedHash, byte[] storedSalt)'. [C:\rku-projects\sportx\sportx_api\sportx_api.csproj]
C:\rku-projects\sportx\sportx_api\Controllers\AdminControllers\AdminControllers.cs(113,24): warning CS8602: Dereference of a possibly null reference. [C:\rku-projects\sportx\sportx_api\sportx_api.csproj]
C:\rku-projects\sportx\sportx_api\Controllers\AdminControllers\AdminControllers.cs(138,61): warning CS8602: Dereference of a possibly null reference. [C:\rku-projects\sportx\sportx_api\sportx_api.csproj]
C:\rku-projects\sportx\sportx_api\Controllers\AdminControllers\VoucherController.cs(59,28): warning CS8601: Possible null reference assignment. [C:\rku-projects\sportx\sportx_api\sportx_api.csproj]
C:\rku-projects\sportx\sportx_api\DTOs\UserDTOs\CommentDTO.cs(6,23): warning CS8618: Non-nullable property 'Comment1' must contain a non-null value when exiting constructor. Consider adding the 'required' modifier or declaring the property as nullable. [C:\rku-projects\sportx\sportx_api\sportx_api.csproj]
C:\rku-projects\sportx\sportx_api\DTOs\UserDTOs\CommentDTO.cs(9,23): warning CS8618: Non-nullable property 'UserName' must contain a non-null value when exiting constructor. Consider adding the 'required' modifier or declaring the property as nullable. [C:\rku-projects\sportx\sportx_api\sportx_api.csproj]
C:\rku-projects\sportx\sportx_api\DTOs\UserDTOs\OrderDto.cs(7,23): warning CS8618: Non-nullable property 'TransactionId' must contain a non-null value when exiting constructor. Consider adding the 'required' modifier or declaring the property as nullable. [C:\rku-projects\sportx\sportx_api\sportx_api.csproj]
C:\rku-projects\sportx\sportx_api\DTOs\UserDTOs\OrderDto.cs(10,35): warning CS8618: Non-nullable property 'OrderItems' must contain a non-null value when exiting constructor. Consider adding the 'required' modifier or declaring the property as nullable. [C:\rku-projects\sportx\sportx_api\sportx_api.csproj]
C:\rku-projects\sportx\sportx_api\Controllers\AdminControllers\AdminControllers.cs(188,13): warning CS8602: Dereference of a possibly null reference. [C:\rku-projects\sportx\sportx_api\sportx_api.csproj]
C:\rku-projects\sportx\sportx_api\Controllers\AdminControllers\AdminControllers.cs(191,33): warning CS8602: Dereference of a possibly null reference. [C:\rku-projects\sportx\sportx_api\sportx_api.csproj]
C:\rku-projects\sportx\sportx_api\DTOs\UserDTOs\CreateCategoryDTO.cs(9,23): warning CS8618: Non-nullable property 'Name' must contain a non-null value when exiting constructor. Consider adding the 'required' modifier or declaring the property as nullable. [C:\rku-projects\sportx\sportx_api\sportx_api.csproj]
C:\rku-projects\sportx\sportx_api\DTOs\UserDTOs\CreateCategoryDTO.cs(14,26): warning CS8618: Non-nullable property 'Image' must contain a non-null value when exiting constructor. Consider adding the 'required' modifier or declaring the property as nullable. [C:\rku-projects\sportx\sportx_api\sportx_api.csproj]
C:\rku-projects\sportx\sportx_api\DTOs\UserDTOs\CreateProductDTO.cs(9,23): warning CS8618: Non-nullable property 'Name' must contain a non-null value when exiting constructor. Consider adding the 'required' modifier or declaring the property as nullable. [C:\rku-projects\sportx\sportx_api\sportx_api.csproj]
C:\rku-projects\sportx\sportx_api\DTOs\UserDTOs\CreateProductDTO.cs(24,26): warning CS8618: Non-nullable property 'Image' must contain a non-null value when exiting constructor. Consider adding the 'required' modifier or declaring the property as nullable. [C:\rku-projects\sportx\sportx_api\sportx_api.csproj]
C:\rku-projects\sportx\sportx_api\Controllers\AdminControllers\AdminControllers.cs(220,13): warning CS8602: Dereference of a possibly null reference. [C:\rku-projects\sportx\sportx_api\sportx_api.csproj]
C:\rku-projects\sportx\sportx_api\Controllers\AdminControllers\AdminControllers.cs(222,34): warning CS8602: Dereference of a possibly null reference. [C:\rku-projects\sportx\sportx_api\sportx_api.csproj]
C:\rku-projects\sportx\sportx_api\Controllers\UserControllers\UsersController.cs(262,13): warning CS8602: Dereference of a possibly null reference. [C:\rku-projects\sportx\sportx_api\sportx_api.csproj]
C:\rku-projects\sportx\sportx_api\Controllers\AdminControllers\AdminControllers.cs(240,61): warning CS8602: Dereference of a possibly null reference. [C:\rku-projects\sportx\sportx_api\sportx_api.csproj]
C:\rku-projects\sportx\sportx_api\Controllers\AdminControllers\AdminControllers.cs(246,13): warning CS8602: Dereference of a possibly null reference. [C:\rku-projects\sportx\sportx_api\sportx_api.csproj]
C:\rku-projects\sportx\sportx_api\Controllers\AdminControllers\AdminControllers.cs(273,61): warning CS8602: Dereference of a possibly null reference. [C:\rku-projects\sportx\sportx_api\sportx_api.csproj]
C:\rku-projects\sportx\sportx_api\Controllers\AdminControllers\AdminControllers.cs(279,13): warning CS8602: Dereference of a possibly null reference. [C:\rku-projects\sportx\sportx_api\sportx_api.csproj]
C:\rku-projects\sportx\sportx_api\Controllers\UserControllers\CommentsController.cs(34,28): warning CS8601: Possible null reference assignment. [C:\rku-projects\sportx\sportx_api\sportx_api.csproj]
C:\rku-projects\sportx\sportx_api\Controllers\UserControllers\CartController.cs(66,65): warning CS8602: Dereference of a possibly null reference. [C:\rku-projects\sportx\sportx_api\sportx_api.csproj]
C:\rku-projects\sportx\sportx_api\Controllers\UserControllers\CartController.cs(73,34): warning CS8602: Dereference of a possibly null reference. [C:\rku-projects\sportx\sportx_api\sportx_api.csproj]
C:\rku-projects\sportx\sportx_api\Controllers\UserControllers\CartController.cs(91,39): warning CS8604: Possible null reference argument for parameter 'entities' in 'void DbSet<CartItem>.RemoveRange(params CartItem[] entities)'. [C:\rku-projects\sportx\sportx_api\sportx_api.csproj]
C:\rku-projects\sportx\sportx_api\Controllers\UserControllers\CartController.cs(105,17): warning CS8634: The type 'sportx_api.Models.CartItem?' cannot be used as type parameter 'TEntity' in the generic type or method 'DbContext.Remove<TEntity>(TEntity)'. Nullability of type argument 'sportx_api.Models.CartItem?' doesn't match 'class' constraint. [C:\rku-projects\sportx\sportx_api\sportx_api.csproj]
C:\rku-projects\sportx\sportx_api\Controllers\UserControllers\CartController.cs(110,13): warning CS8602: Dereference of a possibly null reference. [C:\rku-projects\sportx\sportx_api\sportx_api.csproj]
C:\rku-projects\sportx\sportx_api\Controllers\AdminControllers\AdminControllers.cs(306,61): warning CS8602: Dereference of a possibly null reference. [C:\rku-projects\sportx\sportx_api\sportx_api.csproj]
C:\rku-projects\sportx\sportx_api\Controllers\AdminControllers\VoucherController.cs(192,30): warning CS0168: The variable 'ex' is declared but never used [C:\rku-projects\sportx\sportx_api\sportx_api.csproj]
C:\rku-projects\sportx\sportx_api\Controllers\UserControllers\PaymentController.cs(33,109): warning CS8604: Possible null reference argument for parameter 'returnUrl' in 'Payment PayPalPaymentService.CreatePayment(decimal amount, string currency, string returnUrl, string cancelUrl)'. [C:\rku-projects\sportx\sportx_api\sportx_api.csproj]
C:\rku-projects\sportx\sportx_api\Controllers\UserControllers\PaymentController.cs(33,120): warning CS8604: Possible null reference argument for parameter 'cancelUrl' in 'Payment PayPalPaymentService.CreatePayment(decimal amount, string currency, string returnUrl, string cancelUrl)'. [C:\rku-projects\sportx\sportx_api\sportx_api.csproj]
C:\rku-projects\sportx\sportx_api\Controllers\AdminControllers\VoucherController.cs(250,24): warning CS8601: Possible null reference assignment. [C:\rku-projects\sportx\sportx_api\sportx_api.csproj]
C:\rku-projects\sportx\sportx_api\Controllers\UserControllers\OrderController.cs(83,81): warning CS8602: Dereference of a possibly null reference. [C:\rku-projects\sportx\sportx_api\sportx_api.csproj]
C:\rku-projects\sportx\sportx_api\Controllers\UserControllers\OrderController.cs(126,33): warning CS8601: Possible null reference assignment. [C:\rku-projects\sportx\sportx_api\sportx_api.csproj]
C:\rku-projects\sportx\sportx_api\Controllers\UserControllers\ProductsController.cs(77,33): warning CS8601: Possible null reference assignment. [C:\rku-projects\sportx\sportx_api\sportx_api.csproj]
C:\rku-projects\sportx\sportx_api\Controllers\AdminControllers\AdminControllers.cs(501,25): warning CS8602: Dereference of a possibly null reference. [C:\rku-projects\sportx\sportx_api\sportx_api.csproj]
C:\rku-projects\sportx\sportx_api\Program.cs(19,17): error CS1061: 'ILoggingBuilder' does not contain a definition for 'AddFile' and no accessible extension method 'AddFile' accepting a first argument of type 'ILoggingBuilder' could be found (are you missing a using directive or an assembly reference?) [C:\rku-projects\sportx\sportx_api\sportx_api.csproj]
    47 Warning(s)
    1 Error(s)

Time Elapsed 00:00:02.40

Workload updates are available. Run `dotnet workload list` for more information.
